Watching for file changes with StatReloader
Not Found: /
"GET / HTTP/1.1" 404 2642
Not Found: /favicon.ico
Method Not Allowed: /api/student/
"GET /api/student/ HTTP/1.1" 405 8394
"GET /swagger/ HTTP/1.1" 200 2215
"GET /swagger/?format=openapi HTTP/1.1" 200 3531
Not Found: /accounts/login/
"GET /accounts/login/?next=/swagger/ HTTP/1.1" 404 2720
Not Found: /favicon.ico
"GET /favicon.ico HTTP/1.1" 404 2693
"POST /api/student/ HTTP/1.1" 201 8573
"GET /admin/ HTTP/1.1" 302 0
"GET /admin/login/?next=/admin/ HTTP/1.1" 200 4173
"GET /static/admin/css/base.css HTTP/1.1" 304 0
"GET /static/admin/js/theme.js HTTP/1.1" 304 0
"GET /static/admin/css/nav_sidebar.css HTTP/1.1" 304 0
"GET /static/admin/css/dark_mode.css HTTP/1.1" 304 0
"GET /static/admin/css/responsive.css HTTP/1.1" 304 0
"GET /static/admin/js/nav_sidebar.js HTTP/1.1" 304 0
"GET /static/admin/css/login.css HTTP/1.1" 304 0
"POST /admin/login/?next=/admin/ HTTP/1.1" 200 4344
"POST /admin/login/?next=/admin/ HTTP/1.1" 200 4344
Watching for file changes with StatReloader
Not Found: /
"GET / HTTP/1.1" 404 2642
Not Found: /favicon.ico
"GET /admin/ HTTP/1.1" 302 0
"GET /admin/login/?next=/admin/ HTTP/1.1" 200 4173
"POST /admin/login/?next=/admin/ HTTP/1.1" 200 4344
"POST /admin/login/?next=/admin/ HTTP/1.1" 302 0
"GET /admin/ HTTP/1.1" 200 6100
"GET /static/admin/css/dashboard.css HTTP/1.1" 304 0
"GET /static/admin/img/icon-addlink.svg HTTP/1.1" 200 331
"GET /static/admin/img/icon-changelink.svg HTTP/1.1" 200 380
"GET /admin/auth/group/ HTTP/1.1" 200 7734
"GET /static/admin/js/vendor/jquery/jquery.js HTTP/1.1" 304 0
"GET /static/admin/css/changelists.css HTTP/1.1" 304 0
"GET /static/admin/js/actions.js HTTP/1.1" 304 0
"GET /static/admin/js/jquery.init.js HTTP/1.1" 304 0
"GET /static/admin/js/urlify.js HTTP/1.1" 304 0
"GET /static/admin/js/admin/RelatedObjectLookups.js HTTP/1.1" 304 0
"GET /static/admin/js/core.js HTTP/1.1" 304 0
"GET /static/admin/js/vendor/xregexp/xregexp.js HTTP/1.1" 304 0
"GET /static/admin/js/prepopulate.js HTTP/1.1" 304 0
"GET /static/admin/js/filters.js HTTP/1.1" 304 0
"GET /admin/jsi18n/ HTTP/1.1" 200 3342
"GET /static/admin/img/search.svg HTTP/1.1" 200 458
"GET /static/admin/img/tooltag-add.svg HTTP/1.1" 200 331
"GET /admin/auth/group/ HTTP/1.1" 200 7734
"GET /admin/jsi18n/ HTTP/1.1" 200 3342
"GET /admin/auth/group/add/ HTTP/1.1" 200 12450
"GET /admin/jsi18n/ HTTP/1.1" 200 3342
"GET /static/admin/js/SelectBox.js HTTP/1.1" 200 4530
"GET /static/admin/js/SelectFilter2.js HTTP/1.1" 200 15845
"GET /static/admin/css/forms.css HTTP/1.1" 200 8525
"GET /static/admin/js/prepopulate_init.js HTTP/1.1" 304 0
"GET /static/admin/js/change_form.js HTTP/1.1" 200 606
"GET /static/admin/css/widgets.css HTTP/1.1" 304 0
Not Found: /favicon.ico
"GET /static/admin/img/selector-icons.svg HTTP/1.1" 200 3291
"POST /admin/auth/group/add/ HTTP/1.1" 200 12996
"GET /admin/jsi18n/ HTTP/1.1" 200 3342
"GET /admin/auth/user/add/ HTTP/1.1" 200 11998
"GET /admin/jsi18n/ HTTP/1.1" 200 3342
"GET /static/admin/css/unusable_password_field.css HTTP/1.1" 200 663
"GET /static/admin/js/unusable_password_field.js HTTP/1.1" 200 1480
